$ cross-env NODE_OPTIONS="--no-deprecation --import=tsx/esm" playwright test --config=playwright.config.ts "--reporter=list"
[2m[WebServer] [22m[0m[2m[35m$[0m [2m[1mcross-env NODE_OPTIONS=--no-deprecation next dev[0m
[2m[WebServer] [22m(node:29816) Warning: SECURITY WARNING: The SSL modes 'prefer', 'require', and 'verify-ca' are treated as aliases for 'verify-full'.
[2m[WebServer] [22mIn the next major version (pg-connection-string v3.0.0 and pg v9.0.0), these modes will adopt standard libpq semantics, which have weaker security guarantees.
[2m[WebServer] [22m
[2m[WebServer] [22mTo prepare for this change:
[2m[WebServer] [22m- If you want the current behavior, explicitly use 'sslmode=verify-full'
[2m[WebServer] [22m- If you want libpq compatibility now, use 'uselibpqcompat=true&sslmode=require'
[2m[WebServer] [22m
[2m[WebServer] [22mSee https://www.postgresql.org/docs/current/libpq-ssl.html for libpq SSL mode definitions.
[2m[WebServer] [22m(Use `node --trace-warnings ...` to show where the warning was created)

Running 32 tests using 6 workers

  ok  1 [chromium] › tests\e2e\frontend.e2e.spec.ts:6:3 › Frontend › homepage has correct title and loads (2.0s)
(node:37200) Warning: SECURITY WARNING: The SSL modes 'prefer', 'require', and 'verify-ca' are treated as aliases for 'verify-full'.
In the next major version (pg-connection-string v3.0.0 and pg v9.0.0), these modes will adopt standard libpq semantics, which have weaker security guarantees.

To prepare for this change:
- If you want the current behavior, explicitly use 'sslmode=verify-full'
- If you want libpq compatibility now, use 'uselibpqcompat=true&sslmode=require'

See https://www.postgresql.org/docs/current/libpq-ssl.html for libpq SSL mode definitions.
(Use `node --trace-warnings ...` to show where the warning was created)
(node:15288) Warning: SECURITY WARNING: The SSL modes 'prefer', 'require', and 'verify-ca' are treated as aliases for 'verify-full'.
In the next major version (pg-connection-string v3.0.0 and pg v9.0.0), these modes will adopt standard libpq semantics, which have weaker security guarantees.

To prepare for this change:
- If you want the current behavior, explicitly use 'sslmode=verify-full'
- If you want libpq compatibility now, use 'uselibpqcompat=true&sslmode=require'

See https://www.postgresql.org/docs/current/libpq-ssl.html for libpq SSL mode definitions.
(Use `node --trace-warnings ...` to show where the warning was created)
(node:34932) Warning: SECURITY WARNING: The SSL modes 'prefer', 'require', and 'verify-ca' are treated as aliases for 'verify-full'.
In the next major version (pg-connection-string v3.0.0 and pg v9.0.0), these modes will adopt standard libpq semantics, which have weaker security guarantees.

To prepare for this change:
- If you want the current behavior, explicitly use 'sslmode=verify-full'
- If you want libpq compatibility now, use 'uselibpqcompat=true&sslmode=require'

See https://www.postgresql.org/docs/current/libpq-ssl.html for libpq SSL mode definitions.
(Use `node --trace-warnings ...` to show where the warning was created)
(node:36940) Warning: SECURITY WARNING: The SSL modes 'prefer', 'require', and 'verify-ca' are treated as aliases for 'verify-full'.
In the next major version (pg-connection-string v3.0.0 and pg v9.0.0), these modes will adopt standard libpq semantics, which have weaker security guarantees.

To prepare for this change:
- If you want the current behavior, explicitly use 'sslmode=verify-full'
- If you want libpq compatibility now, use 'uselibpqcompat=true&sslmode=require'

See https://www.postgresql.org/docs/current/libpq-ssl.html for libpq SSL mode definitions.
(Use `node --trace-warnings ...` to show where the warning was created)
[⣷] Pulling schema from database...
[⣷] Pulling schema from database...
[2K[1G[⣯] Pulling schema from database...
[⣷] Pulling schema from database...
[2K[1G[⣯] Pulling schema from database...
[2K[1G[⣟] Pulling schema from database...
[2K[1G[⣯] Pulling schema from database...
[2K[1G[⣟] Pulling schema from database...
[2K[1G[⡿] Pulling schema from database...
[2K[1G[⣟] Pulling schema from database...
[2K[1G[⡿] Pulling schema from database...
[2K[1G[⢿] Pulling schema from database...
[2m[WebServer] [22m(node:41700) Warning: SECURITY WARNING: The SSL modes 'prefer', 'require', and 'verify-ca' are treated as aliases for 'verify-full'.
[2m[WebServer] [22mIn the next major version (pg-connection-string v3.0.0 and pg v9.0.0), these modes will adopt standard libpq semantics, which have weaker security guarantees.
[2m[WebServer] [22m
[2m[WebServer] [22mTo prepare for this change:
[2m[WebServer] [22m- If you want the current behavior, explicitly use 'sslmode=verify-full'
[2m[WebServer] [22m- If you want libpq compatibility now, use 'uselibpqcompat=true&sslmode=require'
[2m[WebServer] [22m
[2m[WebServer] [22mSee https://www.postgresql.org/docs/current/libpq-ssl.html for libpq SSL mode definitions.
[2m[WebServer] [22m(Use `node --trace-warnings ...` to show where the warning was created)
[2K[1G[⡿] Pulling schema from database...
[2K[1G[⢿] Pulling schema from database...
[2K[1G[⣻] Pulling schema from database...
[2K[1G[⢿] Pulling schema from database...
[2K[1G[⣻] Pulling schema from database...
[⣷] Pulling schema from database...
[2K[1G[⣽] Pulling schema from database...
[2K[1G[⣻] Pulling schema from database...
[2K[1G[⣯] Pulling schema from database...
[2K[1G[⣽] Pulling schema from database...
[2K[1G[⣷] Pulling schema from database...
[2K[1G[⣽] Pulling schema from database...
[2K[1G[⣷] Pulling schema from database...
[2K[1G[⣟] Pulling schema from database...
[2K[1G[⣯] Pulling schema from database...
[2K[1G[⣷] Pulling schema from database...
[2K[1G[⣯] Pulling schema from database...
[2K[1G[⡿] Pulling schema from database...
[2K[1G[⣟] Pulling schema from database...
[2K[1G[⣯] Pulling schema from database...
[2K[1G[⣟] Pulling schema from database...
[2K[1G[⢿] Pulling schema from database...
[2K[1G[⡿] Pulling schema from database...
[2K[1G[⣟] Pulling schema from database...
[2K[1G[⡿] Pulling schema from database...
[2K[1G[⣻] Pulling schema from database...
[2K[1G[⢿] Pulling schema from database...
[2K[1G[⡿] Pulling schema from database...
[2K[1G[⢿] Pulling schema from database...
[2K[1G[⣽] Pulling schema from database...
[2K[1G[⣻] Pulling schema from database...
[2K[1G[⢿] Pulling schema from database...
[2K[1G[⣻] Pulling schema from database...
[2K[1G[⣷] Pulling schema from database...
[2K[1G[⣽] Pulling schema from database...
  ok  2 [chromium] › tests\e2e\cookie-banner.e2e.spec.ts:31:3 › Cookie Banner › banner shows on first visit (no localStorage) (11.1s)
[2K[1G[⣻] Pulling schema from database...
[2K[1G[⣽] Pulling schema from database...
[2K[1G[⣷] Pulling schema from database...
[2K[1G[⣯] Pulling schema from database...
[2K[1G[⣽] Pulling schema from database...
[2K[1G[⣟] Pulling schema from database...
[2K[1G[⣯] Pulling schema from database...
[2K[1G[⣷] Pulling schema from database...
[2K[1G[⣷] Pulling schema from database...
[2K[1G[⡿] Pulling schema from database...
[2K[1G[⣯] Pulling schema from database...
[2K[1G[⣟] Pulling schema from database...
[2K[1G[⣯] Pulling schema from database...
[2K[1G[⢿] Pulling schema from database...
[2K[1G[⡿] Pulling schema from database...
[2K[1G[⣟] Pulling schema from database...
[2K[1G[⣟] Pulling schema from database...
[2K[1G[⣻] Pulling schema from database...
[2K[1G[⢿] Pulling schema from database...
[2K[1G[⡿] Pulling schema from database...
[2K[1G[⡿] Pulling schema from database...
[2K[1G[⣽] Pulling schema from database...
[2K[1G[⣻] Pulling schema from database...
[2K[1G[⢿] Pulling schema from database...
[2K[1G[⢿] Pulling schema from database...
[2K[1G[⣷] Pulling schema from database...
[2K[1G[⣽] Pulling schema from database...
[2K[1G[⣻] Pulling schema from database...
[2K[1G[⣻] Pulling schema from database...
[2K[1G[⣯] Pulling schema from database...
[2K[1G[⣷] Pulling schema from database...
[2K[1G[⣽] Pulling schema from database...
[2K[1G[⣽] Pulling schema from database...
[2K[1G[⣟] Pulling schema from database...
[2K[1G[⣯] Pulling schema from database...
[2K[1G[⣷] Pulling schema from database...
[2K[1G[⣷] Pulling schema from database...
[2K[1G[⡿] Pulling schema from database...
[2K[1G[⣟] Pulling schema from database...
[2K[1G[⣯] Pulling schema from database...
[2K[1G[⣯] Pulling schema from database...
[2K[1G[⢿] Pulling schema from database...
[2K[1G[⡿] Pulling schema from database...
[2K[1G[⣟] Pulling schema from database...
[2K[1G[⣟] Pulling schema from database...
[2K[1G[⣻] Pulling schema from database...
[2K[1G[⢿] Pulling schema from database...
[2K[1G[⡿] Pulling schema from database...
[2K[1G[⡿] Pulling schema from database...
[2K[1G[⣽] Pulling schema from database...
[2K[1G[⣻] Pulling schema from database...
[2K[1G[⢿] Pulling schema from database...
[2K[1G[⢿] Pulling schema from database...
[2K[1G[⣽] Pulling schema from database...
[2K[1G[⣷] Pulling schema from database...
[2K[1G[⣻] Pulling schema from database...
[2K[1G[⣻] Pulling schema from database...
[2K[1G[⣷] Pulling schema from database...
[2K[1G[⣯] Pulling schema from database...
[2K[1G[⣽] Pulling schema from database...
[2K[1G[⣽] Pulling schema from database...
[2K[1G[⣯] Pulling schema from database...
[2K[1G[⣟] Pulling schema from database...
[2K[1G[⣷] Pulling schema from database...
[2K[1G[⣷] Pulling schema from database...
[2K[1G[⣟] Pulling schema from database...
[2K[1G[⡿] Pulling schema from database...
[2K[1G[⣯] Pulling schema from database...
[2K[1G[⣯] Pulling schema from database...
[2K[1G[⡿] Pulling schema from database...
[2K[1G[⢿] Pulling schema from database...
[2K[1G[⣟] Pulling schema from database...
[2K[1G[[32m✓[39m] Pulling schema from database...
[2K[1G[⣟] Pulling schema from database...
[2K[1G[⣻] Pulling schema from database...
[2K[1G[⡿] Pulling schema from database...
  ok  7 [chromium] › tests\e2e\cookie-banner.e2e.spec.ts:42:3 › Cookie Banner › Accept All closes banner and stores all categories (2.5s)
[2K[1G[⡿] Pulling schema from database...
[2K[1G[⣽] Pulling schema from database...
[2K[1G[⢿] Pulling schema from database...
[2K[1G[⢿] Pulling schema from database...
[2K[1G[⣷] Pulling schema from database...
[2K[1G[⣻] Pulling schema from database...
[2K[1G[⣻] Pulling schema from database...
[2K[1G[[32m✓[39m] Pulling schema from database...
[2K[1G[⣯] Pulling schema from database...
[2K[1G[[32m✓[39m] Pulling schema from database...
[2K[1G[⣟] Pulling schema from database...
[2K[1G[⡿] Pulling schema from database...
[2K[1G[⢿] Pulling schema from database...
[2K[1G[⣻] Pulling schema from database...
[2K[1G[[32m✓[39m] Pulling schema from database...
  ok  8 [chromium] › tests\e2e\cookie-banner.e2e.spec.ts:62:3 › Cookie Banner › banner does not reappear after consent on reload (10.3s)
  ok  5 [chromium] › tests\e2e\taskbar.e2e.spec.ts:29:5 › Taskbar › desktop › taskbar is not visible when no secondary windows are open (7.7s)
  ok  6 [chromium] › tests\e2e\windows.e2e.spec.ts:36:5 › Windows — shared setup › mobile drawer (unchanged) › navigating to a window slug opens the page panel (7.1s)
[2m[WebServer] [22m(node:39732) Warning: SECURITY WARNING: The SSL modes 'prefer', 'require', and 'verify-ca' are treated as aliases for 'verify-full'.
[2m[WebServer] [22mIn the next major version (pg-connection-string v3.0.0 and pg v9.0.0), these modes will adopt standard libpq semantics, which have weaker security guarantees.
[2m[WebServer] [22m
[2m[WebServer] [22mTo prepare for this change:
[2m[WebServer] [22m- If you want the current behavior, explicitly use 'sslmode=verify-full'
[2m[WebServer] [22m- If you want libpq compatibility now, use 'uselibpqcompat=true&sslmode=require'
[2m[WebServer] [22m
[2m[WebServer] [22mSee https://www.postgresql.org/docs/current/libpq-ssl.html for libpq SSL mode definitions.
[2m[WebServer] [22m(Use `node --trace-warnings ...` to show where the warning was created)
  ok 10 [chromium] › tests\e2e\taskbar.e2e.spec.ts:36:5 › Taskbar › desktop › taskbar shows an entry for an open secondary window (5.1s)
  ok 11 [chromium] › tests\e2e\windows.e2e.spec.ts:41:5 › Windows — shared setup › mobile drawer (unchanged) › richText block is rendered inside the panel (4.8s)
[2m[WebServer] [22m[0m[31merror[0m[2m:[0m script [1m"dev"[0m exited with code 1[0m
